[17:22:55.711] [INFO] storybook v10.5.10
[17:22:56.458] [DEBUG] Getting package.json info for /Users/thomas/code/gossi/sportipedia/apps/catalog/package.json...
[17:22:57.030] [WARN] 🚨 Unable to index ./src/equipment/ui/equipment-detail.stories.gts:
  NoMetaError: CSF: default export must be an object /Users/thomas/code/gossi/sportipedia/apps/catalog/src/equipment/ui/equipment-detail.stories.gts (line 7, col 0)

More info: https://storybook.js.org/docs/writing-stories?ref=error#default-export
    at enter (file:///Users/thomas/code/gossi/sportipedia/node_modules/.pnpm/storybook@10.5.10_@types+react@19.2.18_prettier@3.9.4_react@19.2.8/node_modules/storybook/dist/_node-chunks/chunk-FMSFP5MW.js:266:19)
    at NodePath._call (file:///Users/thomas/code/gossi/sportipedia/node_modules/.pnpm/storybook@10.5.10_@types+react@19.2.18_prettier@3.9.4_react@19.2.8/node_modules/storybook/dist/_node-chunks/chunk-JL67SUGJ.js:31697:22)
    at NodePath.call (file:///Users/thomas/code/gossi/sportipedia/node_modules/.pnpm/storybook@10.5.10_@types+react@19.2.18_prettier@3.9.4_react@19.2.8/node_modules/storybook/dist/_node-chunks/chunk-JL67SUGJ.js:31687:22)
    at NodePath.visit (file:///Users/thomas/code/gossi/sportipedia/node_modules/.pnpm/storybook@10.5.10_@types+react@19.2.18_prettier@3.9.4_react@19.2.8/node_modules/storybook/dist/_node-chunks/chunk-JL67SUGJ.js:31720:38)
    at TraversalContext.visitQueue (file:///Users/thomas/code/gossi/sportipedia/node_modules/.pnpm/storybook@10.5.10_@types+react@19.2.18_prettier@3.9.4_react@19.2.8/node_modules/storybook/dist/_node-chunks/chunk-JL67SUGJ.js:31606:49)
    at TraversalContext.visitMultiple (file:///Users/thomas/code/gossi/sportipedia/node_modules/.pnpm/storybook@10.5.10_@types+react@19.2.18_prettier@3.9.4_react@19.2.8/node_modules/storybook/dist/_node-chunks/chunk-JL67SUGJ.js:31591:21)
    at TraversalContext.visit (file:///Users/thomas/code/gossi/sportipedia/node_modules/.pnpm/storybook@10.5.10_@types+react@19.2.18_prettier@3.9.4_react@19.2.8/node_modules/storybook/dist/_node-chunks/chunk-JL67SUGJ.js:31620:52)
    at traverseNode (file:///Users/thomas/code/gossi/sportipedia/node_modules/.pnpm/storybook@10.5.10_@types+react@19.2.18_prettier@3.9.4_react@19.2.8/node_modules/storybook/dist/_node-chunks/chunk-JL67SUGJ.js:31645:61)
    at NodePath.visit (file:///Users/thomas/code/gossi/sportipedia/node_modules/.pnpm/storybook@10.5.10_@types+react@19.2.18_prettier@3.9.4_react@19.2.8/node_modules/storybook/dist/_node-chunks/chunk-JL67SUGJ.js:31720:224)
    at TraversalContext.visitQueue (file:///Users/thomas/code/gossi/sportipedia/node_modules/.pnpm/storybook@10.5.10_@types+react@19.2.18_prettier@3.9.4_react@19.2.8/node_modules/storybook/dist/_node-chunks/chunk-JL67SUGJ.js:31606:49)
[17:22:57.034] [ERROR] Error: Unable to index ./src/equipment/ui/equipment-detail.stories.gts
    at _StoryIndexGenerator.getIndexAndStats (file:///Users/thomas/code/gossi/sportipedia/node_modules/.pnpm/storybook@10.5.10_@types+react@19.2.18_prettier@3.9.4_react@19.2.8/node_modules/storybook/dist/core-server/index.js:19416:15)
    at async _StoryIndexGenerator.getIndex (file:///Users/thomas/code/gossi/sportipedia/node_modules/.pnpm/storybook@10.5.10_@types+react@19.2.18_prettier@3.9.4_react@19.2.8/node_modules/storybook/dist/core-server/index.js:19405:13)
    at async Object.experimental_serverChannel (file:///Users/thomas/code/gossi/sportipedia/node_modules/.pnpm/@storybook+addon-vitest@10.5.10_@vitest+runner@4.1.9_react@19.2.8_storybook@10.5.10_@ty_ed2a88eb7418ac241d4ec6e5d8c6fc88/node_modules/@storybook/addon-vitest/dist/preset.js:463:14)
    at async buildDevStandalone (file:///Users/thomas/code/gossi/sportipedia/node_modules/.pnpm/storybook@10.5.10_@types+react@19.2.18_prettier@3.9.4_react@19.2.8/node_modules/storybook/dist/core-server/index.js:11984:72)
    at async withTelemetry (file:///Users/thomas/code/gossi/sportipedia/node_modules/.pnpm/storybook@10.5.10_@types+react@19.2.18_prettier@3.9.4_react@19.2.8/node_modules/storybook/dist/_node-chunks/chunk-QEFGZ2NZ.js:1889:12)
    at async dev (file:///Users/thomas/code/gossi/sportipedia/node_modules/.pnpm/storybook@10.5.10_@types+react@19.2.18_prettier@3.9.4_react@19.2.8/node_modules/storybook/dist/bin/core.js:3850:3)
    at async _Command.<anonymous> (file:///Users/thomas/code/gossi/sportipedia/node_modules/.pnpm/storybook@10.5.10_@types+react@19.2.18_prettier@3.9.4_react@19.2.8/node_modules/storybook/dist/bin/core.js:3958:3)
[17:22:57.035] [WARN] Broken build, fix the error above.
You may need to refresh the browser.
[17:22:59.438] [PROMPT] Would you like to send anonymous crash reports to improve Storybook and fix bugs faster? {"choice":false}